1: Segment 1.1 Fundamentals
2: Segment 1.2 Variables
3: Segment 1.3 Vectors
4: Segment 1.4 Matrices
5: Segment 1.5 Lists and Data Frames
6: Segment 1.6 Logical Vectors and Operators

Selection: 6

  |                                                                                         |   0%

| Would you like to re-watch the video for this segment?

Yes or No? n

  |===============                                                                          |  17%

| Would you like to view the transcript of the code used in this video segment?

Yes or No? n

  |==============================                                                           |  33%

| In an earlier quiz you created a vector v3 of length 8. Compare each value in that vector to see
| if it is greater than 5 (you should end up with a vector of TRUE and FALSE).

> v3[>5]
Error: unexpected '>' in "v3[>"
> v3 > 5
[1] FALSE  TRUE FALSE FALSE  TRUE FALSE  TRUE  TRUE

| Excellent work!

  |============================================                                             |  50%

| Extract a subset of the vector v3 that includes only the values greater than 5

> v3[v3>5,]
Error in v3[v3 > 5, ] : incorrect number of dimensions
> v3[v3>5]
[1]  9 15  8 10

| You got it!

  |===========================================================                              |  67%

| Compare each value in the "Petal.Length" of the (built-in) "iris" dataset to see which are
| greater than 5

> iris$Petal.Length[iris$Petal.Length > 5]
 [1] 5.1 6.0 5.1 5.9 5.6 5.8 6.6 6.3 5.8 6.1 5.1 5.3 5.5 5.1 5.3 5.5 6.7 6.9 5.7 6.7 5.7 6.0 5.6
[24] 5.8 6.1 6.4 5.6 5.1 5.6 6.1 5.6 5.5 5.4 5.6 5.1 5.1 5.9 5.7 5.2 5.2 5.4 5.1

| You almost had it, but not quite. Try again. Or, type info() for more options.

| Extract the Petal.Length column using $ and compare it to 5 the same way you compared v3

> iris$Petal.Length > 5
  [1] FALSE FALSE FALSE FALSE FALSE FALSE FALSE FALSE FALSE FALSE FALSE FALSE FALSE FALSE FALSE
 [16] FALSE FALSE FALSE FALSE FALSE FALSE FALSE FALSE FALSE FALSE FALSE FALSE FALSE FALSE FALSE
 [31] FALSE FALSE FALSE FALSE FALSE FALSE FALSE FALSE FALSE FALSE FALSE FALSE FALSE FALSE FALSE
 [46] FALSE FALSE FALSE FALSE FALSE FALSE FALSE FALSE FALSE FALSE FALSE FALSE FALSE FALSE FALSE
 [61] FALSE FALSE FALSE FALSE FALSE FALSE FALSE FALSE FALSE FALSE FALSE FALSE FALSE FALSE FALSE
 [76] FALSE FALSE FALSE FALSE FALSE FALSE FALSE FALSE  TRUE FALSE FALSE FALSE FALSE FALSE FALSE
 [91] FALSE FALSE FALSE FALSE FALSE FALSE FALSE FALSE FALSE FALSE  TRUE  TRUE  TRUE  TRUE  TRUE
[106]  TRUE FALSE  TRUE  TRUE  TRUE  TRUE  TRUE  TRUE FALSE  TRUE  TRUE  TRUE  TRUE  TRUE FALSE
[121]  TRUE FALSE  TRUE FALSE  TRUE  TRUE FALSE FALSE  TRUE  TRUE  TRUE  TRUE  TRUE  TRUE  TRUE
[136]  TRUE  TRUE  TRUE FALSE  TRUE  TRUE  TRUE  TRUE  TRUE  TRUE  TRUE FALSE  TRUE  TRUE  TRUE

| That's a job well done!

  |==========================================================================               |  83%

| Extract the subset of rows from iris where Petal.Length is greater than 5

> iris[iris$Petal.Length > 5, ]
    Sepal.Length Sepal.Width Petal.Length Petal.Width    Species
84           6.0         2.7          5.1         1.6 versicolor
101          6.3         3.3          6.0         2.5  virginica
102          5.8         2.7          5.1         1.9  virginica
103          7.1         3.0          5.9         2.1  virginica
104          6.3         2.9          5.6         1.8  virginica
105          6.5         3.0          5.8         2.2  virginica
106          7.6         3.0          6.6         2.1  virginica
108          7.3         2.9          6.3         1.8  virginica
109          6.7         2.5          5.8         1.8  virginica
110          7.2         3.6          6.1         2.5  virginica
111          6.5         3.2          5.1         2.0  virginica
112          6.4         2.7          5.3         1.9  virginica
113          6.8         3.0          5.5         2.1  virginica
115          5.8         2.8          5.1         2.4  virginica
116          6.4         3.2          5.3         2.3  virginica
117          6.5         3.0          5.5         1.8  virginica
118          7.7         3.8          6.7         2.2  virginica
119          7.7         2.6          6.9         2.3  virginica
121          6.9         3.2          5.7         2.3  virginica
123          7.7         2.8          6.7         2.0  virginica
125          6.7         3.3          5.7         2.1  virginica
126          7.2         3.2          6.0         1.8  virginica
129          6.4         2.8          5.6         2.1  virginica
130          7.2         3.0          5.8         1.6  virginica
131          7.4         2.8          6.1         1.9  virginica
132          7.9         3.8          6.4         2.0  virginica
133          6.4         2.8          5.6         2.2  virginica
134          6.3         2.8          5.1         1.5  virginica
135          6.1         2.6          5.6         1.4  virginica
136          7.7         3.0          6.1         2.3  virginica
137          6.3         3.4          5.6         2.4  virginica
138          6.4         3.1          5.5         1.8  virginica
140          6.9         3.1          5.4         2.1  virginica
141          6.7         3.1          5.6         2.4  virginica
142          6.9         3.1          5.1         2.3  virginica
143          5.8         2.7          5.1         1.9  virginica
144          6.8         3.2          5.9         2.3  virginica
145          6.7         3.3          5.7         2.5  virginica
146          6.7         3.0          5.2         2.3  virginica
148          6.5         3.0          5.2         2.0  virginica
149          6.2         3.4          5.4         2.3  virginica
150          5.9         3.0          5.1         1.8  virginica

| That's a job well done!

  |=========================================================================================| 100%

| Extract the subset of rows from iris where Petal.Length is greater than 5 and the Species is
| "versicolor"

> iris[iris$Petal.Length > 5, ][iris$Species = 'versicolor', ]
Error: unexpected '=' in "iris[iris$Petal.Length > 5, ][iris$Species ="
> iris[iris$Petal.Length > 5, ][iris$Species == 'versicolor', ]
      Sepal.Length Sepal.Width Petal.Length Petal.Width Species
NA              NA          NA           NA          NA    <NA>
NA.1            NA          NA           NA          NA    <NA>
NA.2            NA          NA           NA          NA    <NA>
NA.3            NA          NA           NA          NA    <NA>
NA.4            NA          NA           NA          NA    <NA>
NA.5            NA          NA           NA          NA    <NA>
NA.6            NA          NA           NA          NA    <NA>
NA.7            NA          NA           NA          NA    <NA>
NA.8            NA          NA           NA          NA    <NA>
NA.9            NA          NA           NA          NA    <NA>
NA.10           NA          NA           NA          NA    <NA>
NA.11           NA          NA           NA          NA    <NA>
NA.12           NA          NA           NA          NA    <NA>
NA.13           NA          NA           NA          NA    <NA>
NA.14           NA          NA           NA          NA    <NA>
NA.15           NA          NA           NA          NA    <NA>
NA.16           NA          NA           NA          NA    <NA>
NA.17           NA          NA           NA          NA    <NA>
NA.18           NA          NA           NA          NA    <NA>
NA.19           NA          NA           NA          NA    <NA>
NA.20           NA          NA           NA          NA    <NA>
NA.21           NA          NA           NA          NA    <NA>
NA.22           NA          NA           NA          NA    <NA>
NA.23           NA          NA           NA          NA    <NA>
NA.24           NA          NA           NA          NA    <NA>
NA.25           NA          NA           NA          NA    <NA>
NA.26           NA          NA           NA          NA    <NA>
NA.27           NA          NA           NA          NA    <NA>
NA.28           NA          NA           NA          NA    <NA>
NA.29           NA          NA           NA          NA    <NA>
NA.30           NA          NA           NA          NA    <NA>
NA.31           NA          NA           NA          NA    <NA>
NA.32           NA          NA           NA          NA    <NA>
NA.33           NA          NA           NA          NA    <NA>
NA.34           NA          NA           NA          NA    <NA>
NA.35           NA          NA           NA          NA    <NA>
NA.36           NA          NA           NA          NA    <NA>
NA.37           NA          NA           NA          NA    <NA>
NA.38           NA          NA           NA          NA    <NA>
NA.39           NA          NA           NA          NA    <NA>
NA.40           NA          NA           NA          NA    <NA>
NA.41           NA          NA           NA          NA    <NA>
NA.42           NA          NA           NA          NA    <NA>
NA.43           NA          NA           NA          NA    <NA>
NA.44           NA          NA           NA          NA    <NA>
NA.45           NA          NA           NA          NA    <NA>
NA.46           NA          NA           NA          NA    <NA>
NA.47           NA          NA           NA          NA    <NA>
NA.48           NA          NA           NA          NA    <NA>
NA.49           NA          NA           NA          NA    <NA>

| One more time. You can do it! Or, type info() for more options.

| Place the expression you set up in the last question before a comma within square brackets, just
| as you would for extracting a row or range of rows

> iris[iris$Petal.Length > 5, ][iris$Species == "versicolor" ,]
      Sepal.Length Sepal.Width Petal.Length Petal.Width Species
NA              NA          NA           NA          NA    <NA>
NA.1            NA          NA           NA          NA    <NA>
NA.2            NA          NA           NA          NA    <NA>
NA.3            NA          NA           NA          NA    <NA>
NA.4            NA          NA           NA          NA    <NA>
NA.5            NA          NA           NA          NA    <NA>
NA.6            NA          NA           NA          NA    <NA>
NA.7            NA          NA           NA          NA    <NA>
NA.8            NA          NA           NA          NA    <NA>
NA.9            NA          NA           NA          NA    <NA>
NA.10           NA          NA           NA          NA    <NA>
NA.11           NA          NA           NA          NA    <NA>
NA.12           NA          NA           NA          NA    <NA>
NA.13           NA          NA           NA          NA    <NA>
NA.14           NA          NA           NA          NA    <NA>
NA.15           NA          NA           NA          NA    <NA>
NA.16           NA          NA           NA          NA    <NA>
NA.17           NA          NA           NA          NA    <NA>
NA.18           NA          NA           NA          NA    <NA>
NA.19           NA          NA           NA          NA    <NA>
NA.20           NA          NA           NA          NA    <NA>
NA.21           NA          NA           NA          NA    <NA>
NA.22           NA          NA           NA          NA    <NA>
NA.23           NA          NA           NA          NA    <NA>
NA.24           NA          NA           NA          NA    <NA>
NA.25           NA          NA           NA          NA    <NA>
NA.26           NA          NA           NA          NA    <NA>
NA.27           NA          NA           NA          NA    <NA>
NA.28           NA          NA           NA          NA    <NA>
NA.29           NA          NA           NA          NA    <NA>
NA.30           NA          NA           NA          NA    <NA>
NA.31           NA          NA           NA          NA    <NA>
NA.32           NA          NA           NA          NA    <NA>
NA.33           NA          NA           NA          NA    <NA>
NA.34           NA          NA           NA          NA    <NA>
NA.35           NA          NA           NA          NA    <NA>
NA.36           NA          NA           NA          NA    <NA>
NA.37           NA          NA           NA          NA    <NA>
NA.38           NA          NA           NA          NA    <NA>
NA.39           NA          NA           NA          NA    <NA>
NA.40           NA          NA           NA          NA    <NA>
NA.41           NA          NA           NA          NA    <NA>
NA.42           NA          NA           NA          NA    <NA>
NA.43           NA          NA           NA          NA    <NA>
NA.44           NA          NA           NA          NA    <NA>
NA.45           NA          NA           NA          NA    <NA>
NA.46           NA          NA           NA          NA    <NA>
NA.47           NA          NA           NA          NA    <NA>
NA.48           NA          NA           NA          NA    <NA>
NA.49           NA          NA           NA          NA    <NA>

| Try again. Getting it right on the first try is boring anyway! Or, type info() for more options.

| Place the expression you set up in the last question before a comma within square brackets, just
| as you would for extracting a row or range of rows

> skip()

| Entering the following correct answer for you...

> iris[iris$Petal.Length > 5 & iris$Species == "versicolor", ]

| You are really on a roll!